// Jest Snapshot v1, https://goo.gl/fbAQLP

exports[`Tool Definitions should match the snapshot for all tool definitions 1`] = `
[
  {
    "description": "Creates a new Facebook ad campaign. This is the first step in the ad creation process. A campaign defines the overall objective and budget strategy.",
    "inputSchema": {
      "properties": {
        "config": {
          "description": "Campaign configuration object",
          "type": "object",
        },
      },
      "required": [
        "config",
      ],
      "type": "object",
    },
    "name": "createCampaign",
  },
  {
    "description": "Gets all campaigns for the ad account. Returns an array of campaign objects with their IDs, names, status, and other details.",
    "inputSchema": {
      "properties": {
        "campaignId": {
          "description": "ID of the campaign",
          "type": "string",
        },
        "limit": {
          "description": "Maximum number of campaigns to return (default: 25, max: 100)",
          "type": "number",
        },
        "status": {
          "description": "Filter campaigns by status",
          "enum": [
            "ACTIVE",
            "PAUSED",
            "DELETED",
            "ARCHIVED",
          ],
          "type": "string",
        },
      },
      "required": [
        "campaignId",
      ],
      "type": "object",
    },
    "name": "getCampaigns",
  },
  {
    "description": "Gets details for a specific campaign by ID.",
    "inputSchema": {
      "properties": {
        "campaignId": {
          "description": "ID of the campaign",
          "type": "string",
        },
      },
      "required": [
        "campaignId",
      ],
      "type": "object",
    },
    "name": "getCampaign",
  },
  {
    "description": "Pauses an active campaign, which also pauses all associated ad sets and ads.",
    "inputSchema": {
      "properties": {
        "campaignId": {
          "description": "ID of the campaign",
          "type": "string",
        },
      },
      "required": [
        "campaignId",
      ],
      "type": "object",
    },
    "name": "pauseCampaign",
  },
  {
    "description": "Updates an existing campaign with new configuration values.",
    "inputSchema": {
      "properties": {
        "campaignId": {
          "description": "ID of the campaign",
          "type": "string",
        },
        "config": {
          "description": "Campaign configuration object",
          "type": "object",
        },
      },
      "required": [
        "config",
        "campaignId",
      ],
      "type": "object",
    },
    "name": "updateCampaign",
  },
  {
    "description": "Creates a new ad set within a campaign. Ad sets define targeting, budget, scheduling, and bidding for your ads.",
    "inputSchema": {
      "properties": {
        "config": {
          "description": "AdSet configuration object",
          "type": "object",
        },
      },
      "required": [
        "config",
      ],
      "type": "object",
    },
    "name": "createAdSet",
  },
  {
    "description": "Gets all ad sets for a specific campaign.",
    "inputSchema": {
      "properties": {
        "adSetId": {
          "description": "ID of the ad set",
          "type": "string",
        },
        "campaignId": {
          "description": "ID of the campaign",
          "type": "string",
        },
      },
      "required": [
        "adSetId",
      ],
      "type": "object",
    },
    "name": "getAdSets",
  },
  {
    "description": "Gets details for a specific ad set by ID.",
    "inputSchema": {
      "properties": {
        "adSetId": {
          "description": "ID of the ad set",
          "type": "string",
        },
      },
      "required": [
        "adSetId",
      ],
      "type": "object",
    },
    "name": "getAdSet",
  },
  {
    "description": "Gets all ad sets for the configured ad account.",
    "inputSchema": {
      "properties": {
        "adSetId": {
          "description": "ID of the ad set",
          "type": "string",
        },
        "limit": {
          "description": "Maximum number of ad sets to return",
          "type": "number",
        },
        "status": {
          "description": "Filter ad sets by status",
          "enum": [
            "ACTIVE",
            "PAUSED",
            "DELETED",
            "ARCHIVED",
          ],
          "type": "string",
        },
      },
      "required": [
        "adSetId",
      ],
      "type": "object",
    },
    "name": "getAccountAdSets",
  },
  {
    "description": "Pauses an active ad set and all its ads.",
    "inputSchema": {
      "properties": {
        "adSetId": {
          "description": "ID of the ad set",
          "type": "string",
        },
      },
      "required": [
        "adSetId",
      ],
      "type": "object",
    },
    "name": "pauseAdSet",
  },
  {
    "description": "Updates an existing ad set with new configuration values.",
    "inputSchema": {
      "properties": {
        "adSetId": {
          "description": "ID of the ad set",
          "type": "string",
        },
        "config": {
          "description": "AdSet configuration object",
          "type": "object",
        },
      },
      "required": [
        "config",
        "adSetId",
      ],
      "type": "object",
    },
    "name": "updateAdSet",
  },
  {
    "description": "Creates a new ad within an ad set. Ads are the actual content shown to users.",
    "inputSchema": {
      "properties": {
        "config": {
          "description": "Ad configuration object",
          "type": "object",
        },
      },
      "required": [
        "config",
      ],
      "type": "object",
    },
    "name": "createAd",
  },
  {
    "description": "Gets all ads for a specific ad set.",
    "inputSchema": {
      "properties": {
        "adId": {
          "description": "ID of the ad",
          "type": "string",
        },
        "adSetId": {
          "description": "ID of the ad set",
          "type": "string",
        },
      },
      "required": [
        "adId",
      ],
      "type": "object",
    },
    "name": "getAds",
  },
  {
    "description": "Gets details for a specific ad by ID.",
    "inputSchema": {
      "properties": {
        "adId": {
          "description": "ID of the ad",
          "type": "string",
        },
      },
      "required": [
        "adId",
      ],
      "type": "object",
    },
    "name": "getAd",
  },
  {
    "description": "Gets all ads for the configured ad account.",
    "inputSchema": {
      "properties": {
        "adId": {
          "description": "ID of the ad",
          "type": "string",
        },
        "limit": {
          "description": "Maximum number of ads to return",
          "type": "number",
        },
        "status": {
          "description": "Filter ads by status",
          "enum": [
            "ACTIVE",
            "PAUSED",
            "DELETED",
            "ARCHIVED",
          ],
          "type": "string",
        },
      },
      "required": [
        "adId",
      ],
      "type": "object",
    },
    "name": "getAccountAds",
  },
  {
    "description": "Pauses an active ad.",
    "inputSchema": {
      "properties": {
        "adId": {
          "description": "ID of the ad",
          "type": "string",
        },
      },
      "required": [
        "adId",
      ],
      "type": "object",
    },
    "name": "pauseAd",
  },
  {
    "description": "Updates an existing ad with new configuration values.",
    "inputSchema": {
      "properties": {
        "adId": {
          "description": "ID of the ad",
          "type": "string",
        },
        "config": {
          "description": "Ad configuration object",
          "type": "object",
        },
      },
      "required": [
        "config",
        "adId",
      ],
      "type": "object",
    },
    "name": "updateAd",
  },
  {
    "description": "Gets all available ad accounts for the current user or page.",
    "inputSchema": {
      "properties": {
        "adId": {
          "description": "ID of the ad",
          "type": "string",
        },
        "config": {
          "description": "Facebook configuration object",
          "type": "object",
        },
      },
      "required": [
        "config",
        "adId",
      ],
      "type": "object",
    },
    "name": "getAvailableAdAccounts",
  },
]
`;
